[DEBUG] 障碍物数量: 1, 位置: [[-1.14520931e+01 -6.46139679e+01 -3.13117836e+00  0.00000000e+00
  -2.99983731e+00 -3.12423747e-02  0.00000000e+00]]
[DYNAMIC solver_add_soft_obs] n_obs=1, shape=(1, 7)
[DYNAMIC solver_add_soft_obs] dynamic obstacle potential added
[DEBUG solve_MPC返回] len(state)=4, type=<class 'tuple'>
[DEBUG] a_opt: -6.000, delta_opt: -0.065
[DEBUG] 下一状态: x=106.0, y=50.9, v=-0.3
[DEBUG] 障碍物数量: 1, 位置: [[-1.16020861e+01 -6.46155319e+01 -3.13117836e+00  0.00000000e+00
  -2.99983731e+00 -3.12423747e-02  0.00000000e+00]]
[DYNAMIC solver_add_soft_obs] n_obs=1, shape=(1, 7)
[DYNAMIC solver_add_soft_obs] dynamic obstacle potential added
[DEBUG solve_MPC返回] len(state)=4, type=<class 'tuple'>
[DEBUG] a_opt: -6.000, delta_opt: -0.065
[DEBUG] 下一状态: x=106.0, y=50.9, v=-0.3
[DEBUG] 障碍物数量: 1, 位置: [[-1.17520771e+01 -6.46170883e+01 -3.13117836e+00  0.00000000e+00
  -2.99983731e+00 -3.12423747e-02  0.00000000e+00]]
[DYNAMIC solver_add_soft_obs] n_obs=1, shape=(1, 7)
[DYNAMIC solver_add_soft_obs] dynamic obstacle potential added
[DEBUG solve_MPC返回] len(state)=4, type=<class 'tuple'>
[DEBUG] a_opt: -6.000, delta_opt: -0.065
[DEBUG] 下一状态: x=106.0, y=50.9, v=-0.3
[DEBUG] 障碍物数量: 1, 位置: [[-1.19020691e+01 -6.46186523e+01 -3.13117836e+00  0.00000000e+00
  -2.99983731e+00 -3.12423747e-02  0.00000000e+00]]
[DYNAMIC solver_add_soft_obs] n_obs=1, shape=(1, 7)
[DYNAMIC solver_add_soft_obs] dynamic obstacle potential added
[DEBUG solve_MPC返回] len(state)=4, type=<class 'tuple'>
[DEBUG] a_opt: -6.000, delta_opt: -0.065
[DEBUG] 下一状态: x=106.0, y=50.9, v=-0.3
[DEBUG] 障碍物数量: 1, 位置: [[-1.20520601e+01 -6.46202164e+01 -3.13117836e+00  0.00000000e+00
  -2.99983731e+00 -3.12423747e-02  0.00000000e+00]]
[DYNAMIC solver_add_soft_obs] n_obs=1, shape=(1, 7)
[DYNAMIC solver_add_soft_obs] dynamic obstacle potential added
[DEBUG solve_MPC返回] len(state)=4, type=<class 'tuple'>
[DEBUG] a_opt: -6.000, delta_opt: -0.065
[DEBUG] 下一状态: x=106.0, y=50.9, v=-0.3
[DEBUG] 障碍物数量: 1, 位置: [[-1.22020531e+01 -6.46217804e+01 -3.13117836e+00  0.00000000e+00
  -2.99983731e+00 -3.12423747e-02  0.00000000e+00]]
[DYNAMIC solver_add_soft_obs] n_obs=1, shape=(1, 7)
[DYNAMIC solver_add_soft_obs] dynamic obstacle potential added
[DEBUG solve_MPC返回] len(state)=4, type=<class 'tuple'>
[DEBUG] a_opt: -6.000, delta_opt: -0.065
[DEBUG] 下一状态: x=106.0, y=50.9, v=-0.3
[DEBUG] 障碍物数量: 1, 位置: [[-1.23520441e+01 -6.46233368e+01 -3.13117836e+00  0.00000000e+00
  -2.99983731e+00 -3.12423747e-02  0.00000000e+00]]
[DYNAMIC solver_add_soft_obs] n_obs=1, shape=(1, 7)
[DYNAMIC solver_add_soft_obs] dynamic obstacle potential added
[DEBUG solve_MPC返回] len(state)=4, type=<class 'tuple'>
[DEBUG] a_opt: -6.000, delta_opt: -0.065
[DEBUG] 下一状态: x=106.0, y=50.9, v=-0.3
[DEBUG] 障碍物数量: 1, 位置: [[-1.25020370e+01 -6.46249008e+01 -3.13117836e+00  0.00000000e+00
  -2.99983731e+00 -3.12423747e-02  0.00000000e+00]]
[DYNAMIC solver_add_soft_obs] n_obs=1, shape=(1, 7)
[DYNAMIC solver_add_soft_obs] dynamic obstacle potential added
[DEBUG solve_MPC返回] len(state)=4, type=<class 'tuple'>
[DEBUG] a_opt: -6.000, delta_opt: -0.065
[DEBUG] 下一状态: x=106.0, y=50.9, v=-0.3
[DEBUG] 障碍物数量: 1, 位置: [[-1.26520281e+01 -6.46264648e+01 -3.13117836e+00  0.00000000e+00
  -2.99983731e+00 -3.12423747e-02  0.00000000e+00]]
[DYNAMIC solver_add_soft_obs] n_obs=1, shape=(1, 7)
[DYNAMIC solver_add_soft_obs] dynamic obstacle potential added
[DEBUG solve_MPC返回] len(state)=4, type=<class 'tuple'>
[DEBUG] a_opt: -6.000, delta_opt: -0.065
[DEBUG] 下一状态: x=106.0, y=50.9, v=-0.3
[DEBUG] 障碍物数量: 1, 位置: [[-1.28020210e+01 -6.46280289e+01 -3.13117836e+00  0.00000000e+00
  -2.99983731e+00 -3.12423747e-02  0.00000000e+00]]
[DYNAMIC solver_add_soft_obs] n_obs=1, shape=(1, 7)
[DYNAMIC solver_add_soft_obs] dynamic obstacle potential added
[DEBUG solve_MPC返回] len(state)=4, type=<class 'tuple'>
[DEBUG] a_opt: -6.000, delta_opt: -0.065
[DEBUG] 下一状态: x=106.0, y=50.9, v=-0.3
[DEBUG] 障碍物数量: 1, 位置: [[-1.29520130e+01 -6.46295853e+01 -3.13117836e+00  0.00000000e+00
  -2.99983731e+00 -3.12423747e-02  0.00000000e+00]]
[DYNAMIC solver_add_soft_obs] n_obs=1, shape=(1, 7)
[DYNAMIC solver_add_soft_obs] dynamic obstacle potential added
[DEBUG solve_MPC返回] len(state)=4, type=<class 'tuple'>
[DEBUG] a_opt: -6.000, delta_opt: -0.065
[DEBUG] 下一状态: x=106.0, y=50.9, v=-0.3
[DEBUG] 障碍物数量: 1, 位置: [[-1.31020041e+01 -6.46311493e+01 -3.13117836e+00  0.00000000e+00
  -2.99983731e+00 -3.12423747e-02  0.00000000e+00]]
[DYNAMIC solver_add_soft_obs] n_obs=1, shape=(1, 7)
[DYNAMIC solver_add_soft_obs] dynamic obstacle potential added
[DEBUG solve_MPC返回] len(state)=4, type=<class 'tuple'>
[DEBUG] a_opt: -6.000, delta_opt: -0.065
[DEBUG] 下一状态: x=106.0, y=50.9, v=-0.3
[DEBUG] 障碍物数量: 1, 位置: [[-1.32519951e+01 -6.46327133e+01 -3.13117836e+00  0.00000000e+00
  -2.99983731e+00 -3.12423648e-02 -9.93168037e-08]]
[DYNAMIC solver_add_soft_obs] n_obs=1, shape=(1, 7)
[DYNAMIC solver_add_soft_obs] dynamic obstacle potential added
[DEBUG solve_MPC返回] len(state)=4, type=<class 'tuple'>
[DEBUG] a_opt: -6.000, delta_opt: -0.065
[DEBUG] 下一状态: x=106.0, y=50.9, v=-0.3
[DEBUG] 障碍物数量: 1, 位置: [[-1.34019880e+01 -6.46342773e+01 -3.13117836e+00  0.00000000e+00
  -2.99983731e+00 -3.12423598e-02  0.00000000e+00]]
[DYNAMIC solver_add_soft_obs] n_obs=1, shape=(1, 7)
[DYNAMIC solver_add_soft_obs] dynamic obstacle potential added
[DEBUG solve_MPC返回] len(state)=4, type=<class 'tuple'>
[DEBUG] a_opt: -6.000, delta_opt: -0.065
[DEBUG] 下一状态: x=106.0, y=50.9, v=-0.3
[DEBUG] 障碍物数量: 1, 位置: [[-1.35519800e+01 -6.46358337e+01 -3.13117836e+00  0.00000000e+00
  -2.99983731e+00 -3.12423598e-02  0.00000000e+00]]
[DYNAMIC solver_add_soft_obs] n_obs=1, shape=(1, 7)
[DYNAMIC solver_add_soft_obs] dynamic obstacle potential added
[DEBUG solve_MPC返回] len(state)=4, type=<class 'tuple'>
[DEBUG] a_opt: -6.000, delta_opt: -0.065
[DEBUG] 下一状态: x=106.0, y=50.9, v=-0.3
[DEBUG] 障碍物数量: 1, 位置: [[-1.37019711e+01 -6.46373978e+01 -3.13117836e+00  0.00000000e+00
  -2.99983731e+00 -3.12423598e-02  0.00000000e+00]]
[DYNAMIC solver_add_soft_obs] n_obs=1, shape=(1, 7)
[DYNAMIC solver_add_soft_obs] dynamic obstacle potential added
[DEBUG solve_MPC返回] len(state)=4, type=<class 'tuple'>
[DEBUG] a_opt: -6.000, delta_opt: -0.065
[DEBUG] 下一状态: x=106.0, y=50.9, v=-0.3
[DEBUG] 障碍物数量: 1, 位置: [[-1.38519640e+01 -6.46389618e+01 -3.13117836e+00  0.00000000e+00
  -2.99983731e+00 -3.12423598e-02  0.00000000e+00]]
[DYNAMIC solver_add_soft_obs] n_obs=1, shape=(1, 7)
[DYNAMIC solver_add_soft_obs] dynamic obstacle potential added
[DEBUG solve_MPC返回] len(state)=4, type=<class 'tuple'>
[DEBUG] a_opt: -6.000, delta_opt: -0.065
[DEBUG] 下一状态: x=106.0, y=50.9, v=-0.3
[DEBUG] 障碍物数量: 1, 位置: [[-1.40019550e+01 -6.46405258e+01 -3.13117836e+00  0.00000000e+00
  -2.99983731e+00 -3.12423598e-02  0.00000000e+00]]
[DYNAMIC solver_add_soft_obs] n_obs=1, shape=(1, 7)
[DYNAMIC solver_add_soft_obs] dynamic obstacle potential added
[DEBUG solve_MPC返回] len(state)=4, type=<class 'tuple'>
[DEBUG] a_opt: -6.000, delta_opt: -0.065
[DEBUG] 下一状态: x=106.0, y=50.9, v=-0.3
[DEBUG] 障碍物数量: 1, 位置: [[-1.41519480e+01 -6.46420822e+01 -3.13117836e+00  0.00000000e+00
  -2.99983731e+00 -3.12423598e-02  0.00000000e+00]]
[DYNAMIC solver_add_soft_obs] n_obs=1, shape=(1, 7)
[DYNAMIC solver_add_soft_obs] dynamic obstacle potential added
[DEBUG solve_MPC返回] len(state)=4, type=<class 'tuple'>
[DEBUG] a_opt: -6.000, delta_opt: -0.065
[DEBUG] 下一状态: x=106.0, y=50.9, v=-0.3
[DEBUG] 障碍物数量: 1, 位置: [[-1.43019381e+01 -6.46436462e+01 -3.13117836e+00  0.00000000e+00
  -2.99983731e+00 -3.12423598e-02  0.00000000e+00]]
[DYNAMIC solver_add_soft_obs] n_obs=1, shape=(1, 7)
[DYNAMIC solver_add_soft_obs] dynamic obstacle potential added
[DEBUG solve_MPC返回] len(state)=4, type=<class 'tuple'>
[DEBUG] a_opt: -6.000, delta_opt: -0.065
[DEBUG] 下一状态: x=106.0, y=50.9, v=-0.3
[DEBUG] 障碍物数量: 1, 位置: [[-1.44519310e+01 -6.46452103e+01 -3.13117836e+00  0.00000000e+00
  -2.99983731e+00 -3.12423598e-02  0.00000000e+00]]
[DYNAMIC solver_add_soft_obs] n_obs=1, shape=(1, 7)
[DYNAMIC solver_add_soft_obs] dynamic obstacle potential added
[DEBUG solve_MPC返回] len(state)=4, type=<class 'tuple'>
[DEBUG] a_opt: -6.000, delta_opt: -0.065
[DEBUG] 下一状态: x=106.0, y=50.9, v=-0.3
[DEBUG] 障碍物数量: 1, 位置: [[-1.46019220e+01 -6.46467667e+01 -3.13117836e+00  0.00000000e+00
  -2.99983731e+00 -3.12423598e-02  0.00000000e+00]]
[DYNAMIC solver_add_soft_obs] n_obs=1, shape=(1, 7)
[DYNAMIC solver_add_soft_obs] dynamic obstacle potential added
[DEBUG solve_MPC返回] len(state)=4, type=<class 'tuple'>
[DEBUG] a_opt: -6.000, delta_opt: -0.065
[DEBUG] 下一状态: x=106.0, y=50.9, v=-0.3
[DEBUG] 障碍物数量: 1, 位置: [[-1.47519150e+01 -6.46483307e+01 -3.13117836e+00  0.00000000e+00
  -2.99983731e+00 -3.12423598e-02  0.00000000e+00]]
[DYNAMIC solver_add_soft_obs] n_obs=1, shape=(1, 7)
[DYNAMIC solver_add_soft_obs] dynamic obstacle potential added
[DEBUG solve_MPC返回] len(state)=4, type=<class 'tuple'>
[DEBUG] a_opt: -6.000, delta_opt: -0.065
[DEBUG] 下一状态: x=106.0, y=50.9, v=-0.3
[DEBUG] 障碍物数量: 1, 位置: [[-1.49019060e+01 -6.46498947e+01 -3.13117836e+00  0.00000000e+00
  -2.99983731e+00 -3.12423598e-02  0.00000000e+00]]
[DYNAMIC solver_add_soft_obs] n_obs=1, shape=(1, 7)
[DYNAMIC solver_add_soft_obs] dynamic obstacle potential added
[DEBUG solve_MPC返回] len(state)=4, type=<class 'tuple'>
[DEBUG] a_opt: -6.000, delta_opt: -0.065
[DEBUG] 下一状态: x=106.0, y=50.9, v=-0.3
[DEBUG] 障碍物数量: 1, 位置: [[-1.50518990e+01 -6.46514587e+01 -3.13117836e+00  0.00000000e+00
  -2.99983731e+00 -3.12423598e-02  0.00000000e+00]]
[DYNAMIC solver_add_soft_obs] n_obs=1, shape=(1, 7)
[DYNAMIC solver_add_soft_obs] dynamic obstacle potential added
[DEBUG solve_MPC返回] len(state)=4, type=<class 'tuple'>
[DEBUG] a_opt: -6.000, delta_opt: -0.065
[DEBUG] 下一状态: x=106.0, y=50.9, v=-0.3
[DEBUG] 障碍物数量: 1, 位置: [[-1.52018909e+01 -6.46530151e+01 -3.13117836e+00  0.00000000e+00
  -2.99983731e+00 -3.12423648e-02  9.93168037e-08]]
[DYNAMIC solver_add_soft_obs] n_obs=1, shape=(1, 7)
[DYNAMIC solver_add_soft_obs] dynamic obstacle potential added
[DEBUG solve_MPC返回] len(state)=4, type=<class 'tuple'>
[DEBUG] a_opt: -6.000, delta_opt: -0.065
[DEBUG] 下一状态: x=106.0, y=50.9, v=-0.3
[DEBUG] 障碍物数量: 1, 位置: [[-1.53518820e+01 -6.46545792e+01 -3.13117836e+00  0.00000000e+00
  -2.99983731e+00 -3.12423747e-02  0.00000000e+00]]
[DYNAMIC solver_add_soft_obs] n_obs=1, shape=(1, 7)
[DYNAMIC solver_add_soft_obs] dynamic obstacle potential added
[DEBUG solve_MPC返回] len(state)=4, type=<class 'tuple'>
[DEBUG] a_opt: -6.000, delta_opt: -0.065
[DEBUG] 下一状态: x=106.0, y=50.9, v=-0.3
[DEBUG] 障碍物数量: 1, 位置: [[-1.55018730e+01 -6.46561432e+01 -3.13117836e+00  0.00000000e+00
  -2.99983731e+00 -3.12423747e-02  0.00000000e+00]]
[DYNAMIC solver_add_soft_obs] n_obs=1, shape=(1, 7)
[DYNAMIC solver_add_soft_obs] dynamic obstacle potential added
[DEBUG solve_MPC返回] len(state)=4, type=<class 'tuple'>
[DEBUG] a_opt: -6.000, delta_opt: -0.065
[DEBUG] 下一状态: x=106.0, y=50.9, v=-0.3
[DEBUG] 障碍物数量: 1, 位置: [[-1.56518660e+01 -6.46577072e+01 -3.13117836e+00  0.00000000e+00
  -2.99983731e+00 -3.12423747e-02  0.00000000e+00]]
[DYNAMIC solver_add_soft_obs] n_obs=1, shape=(1, 7)
[DYNAMIC solver_add_soft_obs] dynamic obstacle potential added
[DEBUG solve_MPC返回] len(state)=4, type=<class 'tuple'>
[DEBUG] a_opt: -6.000, delta_opt: -0.065
[DEBUG] 下一状态: x=106.0, y=50.9, v=-0.3
[DEBUG] 障碍物数量: 1, 位置: [[-1.58018579e+01 -6.46592636e+01 -3.13117836e+00  0.00000000e+00
  -2.99983731e+00 -3.12423747e-02  0.00000000e+00]]
[DYNAMIC solver_add_soft_obs] n_obs=1, shape=(1, 7)
[DYNAMIC solver_add_soft_obs] dynamic obstacle potential added
[DEBUG solve_MPC返回] len(state)=4, type=<class 'tuple'>
[DEBUG] a_opt: -6.000, delta_opt: -0.065
[DEBUG] 下一状态: x=106.0, y=50.9, v=-0.3
[DEBUG] 障碍物数量: 1, 位置: [[-1.59518490e+01 -6.46608276e+01 -3.13117836e+00  0.00000000e+00
  -2.99983731e+00 -3.12423747e-02  0.00000000e+00]]
[DYNAMIC solver_add_soft_obs] n_obs=1, shape=(1, 7)
[DYNAMIC solver_add_soft_obs] dynamic obstacle potential added
[DEBUG solve_MPC返回] len(state)=4, type=<class 'tuple'>
[DEBUG] a_opt: -6.000, delta_opt: -0.065
[DEBUG] 下一状态: x=106.0, y=50.9, v=-0.3
[DEBUG] 障碍物数量: 1, 位置: [[-1.61018410e+01 -6.46623917e+01 -3.13117836e+00  0.00000000e+00
  -2.99983731e+00 -3.12423747e-02  0.00000000e+00]]
[DYNAMIC solver_add_soft_obs] n_obs=1, shape=(1, 7)
[DYNAMIC solver_add_soft_obs] dynamic obstacle potential added
[DEBUG solve_MPC返回] len(state)=4, type=<class 'tuple'>
[DEBUG] a_opt: -6.000, delta_opt: -0.065
[DEBUG] 下一状态: x=106.0, y=50.9, v=-0.3
[DEBUG] 障碍物数量: 1, 位置: [[-1.62518330e+01 -6.46639557e+01 -3.13117836e+00  0.00000000e+00
  -2.99983731e+00 -3.12423747e-02  0.00000000e+00]]
[DYNAMIC solver_add_soft_obs] n_obs=1, shape=(1, 7)
[DYNAMIC solver_add_soft_obs] dynamic obstacle potential added
[DEBUG solve_MPC返回] len(state)=4, type=<class 'tuple'>
[DEBUG] a_opt: -6.000, delta_opt: -0.065
[DEBUG] 下一状态: x=106.0, y=50.9, v=-0.3
[DEBUG] 障碍物数量: 1, 位置: [[-1.64018250e+01 -6.46655121e+01 -3.13117836e+00  0.00000000e+00
  -2.99983731e+00 -3.12423747e-02  0.00000000e+00]]
[DYNAMIC solver_add_soft_obs] n_obs=1, shape=(1, 7)
[DYNAMIC solver_add_soft_obs] dynamic obstacle potential added
[DEBUG solve_MPC返回] len(state)=4, type=<class 'tuple'>
[DEBUG] a_opt: -6.000, delta_opt: -0.065
[DEBUG] 下一状态: x=106.0, y=50.9, v=-0.3
[DEBUG] 障碍物数量: 1, 位置: [[-1.65518169e+01 -6.46670761e+01 -3.13117836e+00  0.00000000e+00
  -2.99983731e+00 -3.12423747e-02  0.00000000e+00]]
[DYNAMIC solver_add_soft_obs] n_obs=1, shape=(1, 7)
[DYNAMIC solver_add_soft_obs] dynamic obstacle potential added
[DEBUG solve_MPC返回] len(state)=4, type=<class 'tuple'>
[DEBUG] a_opt: -6.000, delta_opt: -0.065
[DEBUG] 下一状态: x=106.0, y=50.9, v=-0.3
[DEBUG] 障碍物数量: 1, 位置: [[-1.67018089e+01 -6.46686401e+01 -3.13117836e+00  0.00000000e+00
  -2.99983731e+00 -3.12423747e-02  0.00000000e+00]]
[DYNAMIC solver_add_soft_obs] n_obs=1, shape=(1, 7)
[DYNAMIC solver_add_soft_obs] dynamic obstacle potential added
[DEBUG solve_MPC返回] len(state)=4, type=<class 'tuple'>
[DEBUG] a_opt: -6.000, delta_opt: -0.065
[DEBUG] 下一状态: x=106.0, y=50.9, v=-0.3
[DEBUG] 障碍物数量: 1, 位置: [[-1.68518009e+01 -6.46702042e+01 -3.13117836e+00  0.00000000e+00
  -2.99983731e+00 -3.12423747e-02  0.00000000e+00]]
[DYNAMIC solver_add_soft_obs] n_obs=1, shape=(1, 7)
[DYNAMIC solver_add_soft_obs] dynamic obstacle potential added
[DEBUG solve_MPC返回] len(state)=4, type=<class 'tuple'>
[DEBUG] a_opt: -6.000, delta_opt: -0.065
[DEBUG] 下一状态: x=106.0, y=50.9, v=-0.3
[DEBUG] 障碍物数量: 1, 位置: [[-1.70017929e+01 -6.46717606e+01 -3.13117836e+00  0.00000000e+00
  -2.99983731e+00 -3.12423747e-02  0.00000000e+00]]
[DYNAMIC solver_add_soft_obs] n_obs=1, shape=(1, 7)
[DYNAMIC solver_add_soft_obs] dynamic obstacle potential added
[DEBUG solve_MPC返回] len(state)=4, type=<class 'tuple'>
[DEBUG] a_opt: -6.000, delta_opt: -0.065
[DEBUG] 下一状态: x=106.0, y=50.9, v=-0.3
[DEBUG] 障碍物数量: 1, 位置: [[-1.71517849e+01 -6.46733246e+01 -3.13117836e+00  0.00000000e+00
  -2.99983731e+00 -3.12423747e-02  0.00000000e+00]]
[DYNAMIC solver_add_soft_obs] n_obs=1, shape=(1, 7)
[DYNAMIC solver_add_soft_obs] dynamic obstacle potential added
[DEBUG solve_MPC返回] len(state)=4, type=<class 'tuple'>
[DEBUG] a_opt: -6.000, delta_opt: -0.065
[DEBUG] 下一状态: x=106.0, y=50.9, v=-0.3
[DEBUG] 障碍物数量: 1, 位置: [[-1.73017769e+01 -6.46748886e+01 -3.13117836e+00  0.00000000e+00
  -2.99983731e+00 -3.12424045e-02  1.98633874e-07]]
[DYNAMIC solver_add_soft_obs] n_obs=1, shape=(1, 7)
[DYNAMIC solver_add_soft_obs] dynamic obstacle potential added
[DEBUG solve_MPC返回] len(state)=4, type=<class 'tuple'>
[DEBUG] a_opt: -6.000, delta_opt: -0.065
[DEBUG] 下一状态: x=106.0, y=50.9, v=-0.3
[DEBUG] 障碍物数量: 1, 位置: [[-1.74517689e+01 -6.46764526e+01 -3.13117836e+00  0.00000000e+00
  -2.99983731e+00 -3.12424045e-02  0.00000000e+00]]
[DYNAMIC solver_add_soft_obs] n_obs=1, shape=(1, 7)
[DYNAMIC solver_add_soft_obs] dynamic obstacle potential added
[DEBUG solve_MPC返回] len(state)=4, type=<class 'tuple'>
[DEBUG] a_opt: -6.000, delta_opt: -0.065
[DEBUG] 下一状态: x=106.0, y=50.9, v=-0.3
[DEBUG] 障碍物数量: 1, 位置: [[-1.76017590e+01 -6.46780167e+01 -3.13117836e+00  0.00000000e+00
  -2.99983731e+00 -3.12424045e-02  0.00000000e+00]]
[DYNAMIC solver_add_soft_obs] n_obs=1, shape=(1, 7)
[DYNAMIC solver_add_soft_obs] dynamic obstacle potential added
[DEBUG solve_MPC返回] len(state)=4, type=<class 'tuple'>
[DEBUG] a_opt: -6.000, delta_opt: -0.065
[DEBUG] 下一状态: x=106.0, y=50.9, v=-0.3
[DEBUG] 障碍物数量: 1, 位置: [[-1.77517529e+01 -6.46795731e+01 -3.13117836e+00  0.00000000e+00
  -2.99983731e+00 -3.12424045e-02  0.00000000e+00]]
[DYNAMIC solver_add_soft_obs] n_obs=1, shape=(1, 7)
[DYNAMIC solver_add_soft_obs] dynamic obstacle potential added
[DEBUG solve_MPC返回] len(state)=4, type=<class 'tuple'>
[DEBUG] a_opt: -6.000, delta_opt: -0.065
[DEBUG] 下一状态: x=106.0, y=50.9, v=-0.3
[DEBUG] 障碍物数量: 1, 位置: [[-1.79017448e+01 -6.46811371e+01 -3.13117836e+00  0.00000000e+00
  -2.99983731e+00 -3.12424045e-02  0.00000000e+00]]
[DYNAMIC solver_add_soft_obs] n_obs=1, shape=(1, 7)
[DYNAMIC solver_add_soft_obs] dynamic obstacle potential added
[DEBUG solve_MPC返回] len(state)=4, type=<class 'tuple'>
[DEBUG] a_opt: -6.000, delta_opt: -0.065
[DEBUG] 下一状态: x=106.0, y=50.9, v=-0.3
[DEBUG] 障碍物数量: 1, 位置: [[-1.80517368e+01 -6.46827011e+01 -3.13117836e+00  0.00000000e+00
  -2.99983731e+00 -3.12424045e-02  0.00000000e+00]]
[DYNAMIC solver_add_soft_obs] n_obs=1, shape=(1, 7)
[DYNAMIC solver_add_soft_obs] dynamic obstacle potential added
[DEBUG solve_MPC返回] len(state)=4, type=<class 'tuple'>
[DEBUG] a_opt: -6.000, delta_opt: -0.065
[DEBUG] 下一状态: x=106.0, y=50.9, v=-0.3
[DEBUG] 障碍物数量: 1, 位置: [[-1.82017288e+01 -6.46842651e+01 -3.13117836e+00  0.00000000e+00
  -2.99983731e+00 -3.12424045e-02  0.00000000e+00]]
[DYNAMIC solver_add_soft_obs] n_obs=1, shape=(1, 7)
[DYNAMIC solver_add_soft_obs] dynamic obstacle potential added
[DEBUG solve_MPC返回] len(state)=4, type=<class 'tuple'>
[DEBUG] a_opt: -6.000, delta_opt: -0.065
[DEBUG] 下一状态: x=106.0, y=50.9, v=-0.3
[DEBUG] 障碍物数量: 1, 位置: [[-1.83517189e+01 -6.46858215e+01 -3.13117836e+00  0.00000000e+00
  -2.99983731e+00 -3.12424045e-02  0.00000000e+00]]
[DYNAMIC solver_add_soft_obs] n_obs=1, shape=(1, 7)
[DYNAMIC solver_add_soft_obs] dynamic obstacle potential added
[DEBUG solve_MPC返回] len(state)=4, type=<class 'tuple'>
[DEBUG] a_opt: -6.000, delta_opt: -0.065
[DEBUG] 下一状态: x=106.0, y=50.9, v=-0.3
[DEBUG] 障碍物数量: 1, 位置: [[-1.85017109e+01 -6.46873856e+01 -3.13117836e+00  0.00000000e+00
  -2.99983731e+00 -3.12424045e-02  0.00000000e+00]]
[DYNAMIC solver_add_soft_obs] n_obs=1, shape=(1, 7)
[DYNAMIC solver_add_soft_obs] dynamic obstacle potential added
[DEBUG solve_MPC返回] len(state)=4, type=<class 'tuple'>
[DEBUG] a_opt: -6.000, delta_opt: -0.065
[DEBUG] 下一状态: x=106.0, y=50.9, v=-0.3
[DEBUG] 障碍物数量: 1, 位置: [[-1.86517029e+01 -6.46889496e+01 -3.13117836e+00  0.00000000e+00
  -2.99983731e+00 -3.12424045e-02  0.00000000e+00]]
[DYNAMIC solver_add_soft_obs] n_obs=1, shape=(1, 7)
[DYNAMIC solver_add_soft_obs] dynamic obstacle potential added
[DEBUG solve_MPC返回] len(state)=4, type=<class 'tuple'>
[DEBUG] a_opt: -6.000, delta_opt: -0.065
[DEBUG] 下一状态: x=106.0, y=50.9, v=-0.3
[DEBUG] 障碍物数量: 1, 位置: [[-1.88016930e+01 -6.46905136e+01 -3.13117836e+00  0.00000000e+00
  -2.99983731e+00 -3.12424045e-02  0.00000000e+00]]
[DYNAMIC solver_add_soft_obs] n_obs=1, shape=(1, 7)
[DYNAMIC solver_add_soft_obs] dynamic obstacle potential added
[DEBUG solve_MPC返回] len(state)=4, type=<class 'tuple'>
[DEBUG] a_opt: -6.000, delta_opt: -0.065
[DEBUG] 下一状态: x=106.0, y=50.9, v=-0.3
[DEBUG] 障碍物数量: 1, 位置: [[-1.89516869e+01 -6.46920700e+01 -3.13117836e+00  0.00000000e+00
  -2.99983731e+00 -3.12424045e-02  0.00000000e+00]]
[DYNAMIC solver_add_soft_obs] n_obs=1, shape=(1, 7)
[DYNAMIC solver_add_soft_obs] dynamic obstacle potential added
[DEBUG solve_MPC返回] len(state)=4, type=<class 'tuple'>
[DEBUG] a_opt: -6.000, delta_opt: -0.065
[DEBUG] 下一状态: x=106.0, y=50.9, v=-0.3
[DEBUG] 障碍物数量: 1, 位置: [[-1.91016788e+01 -6.46936340e+01 -3.13117836e+00  0.00000000e+00
  -2.99983731e+00 -3.12424045e-02  0.00000000e+00]]
[DYNAMIC solver_add_soft_obs] n_obs=1, shape=(1, 7)
[DYNAMIC solver_add_soft_obs] dynamic obstacle potential added
[DEBUG solve_MPC返回] len(state)=4, type=<class 'tuple'>
[DEBUG] a_opt: -6.000, delta_opt: -0.065
[DEBUG] 下一状态: x=106.0, y=50.9, v=-0.3
[DEBUG] 障碍物数量: 1, 位置: [[-1.92516708e+01 -6.46951981e+01 -3.13117836e+00  0.00000000e+00
  -2.99983724e+00 -3.12499935e-02  7.58924748e-05]]
[DYNAMIC solver_add_soft_obs] n_obs=1, shape=(1, 7)
[DYNAMIC solver_add_soft_obs] dynamic obstacle potential added
[DEBUG solve_MPC返回] len(state)=4, type=<class 'tuple'>
[DEBUG] a_opt: -6.000, delta_opt: -0.065
[DEBUG] 下一状态: x=106.0, y=50.9, v=-0.3
[DEBUG] 障碍物数量: 1, 位置: [[-1.94016628e+01 -6.46967621e+01 -3.13117463e+00  0.00000000e+00
  -2.99983720e+00 -3.12537877e-02  0.00000000e+00]]
[DYNAMIC solver_add_soft_obs] n_obs=1, shape=(1, 7)
[DYNAMIC solver_add_soft_obs] dynamic obstacle potential added
[DEBUG solve_MPC返回] len(state)=4, type=<class 'tuple'>
[DEBUG] a_opt: -6.000, delta_opt: -0.065
[DEBUG] 下一状态: x=106.0, y=50.9, v=-0.3
[DEBUG] 障碍物数量: 1, 位置: [[-1.95516548e+01 -6.46983185e+01 -3.13117463e+00  0.00000000e+00
  -2.99983720e+00 -3.12537877e-02  0.00000000e+00]]
[DYNAMIC solver_add_soft_obs] n_obs=1, shape=(1, 7)
[DYNAMIC solver_add_soft_obs] dynamic obstacle potential added
[DEBUG solve_MPC返回] len(state)=4, type=<class 'tuple'>
[DEBUG] a_opt: -6.000, delta_opt: -0.065
[DEBUG] 下一状态: x=106.0, y=50.9, v=-0.3
[DEBUG] 障碍物数量: 1, 位置: [[-1.97016468e+01 -6.46998825e+01 -3.13117463e+00  0.00000000e+00
  -2.99983720e+00 -3.12537877e-02  0.00000000e+00]]
[DYNAMIC solver_add_soft_obs] n_obs=1, shape=(1, 7)
[DYNAMIC solver_add_soft_obs] dynamic obstacle potential added
[DEBUG solve_MPC返回] len(state)=4, type=<class 'tuple'>
[DEBUG] a_opt: -6.000, delta_opt: -0.065
[DEBUG] 下一状态: x=106.0, y=50.9, v=-0.3
[DEBUG] 障碍物数量: 1, 位置: [[-1.98516369e+01 -6.47014465e+01 -3.13117463e+00  0.00000000e+00
  -2.99983720e+00 -3.12537877e-02  0.00000000e+00]]
[DYNAMIC solver_add_soft_obs] n_obs=1, shape=(1, 7)
[DYNAMIC solver_add_soft_obs] dynamic obstacle potential added
[DEBUG solve_MPC返回] len(state)=4, type=<class 'tuple'>
[DEBUG] a_opt: -6.000, delta_opt: -0.065
[DEBUG] 下一状态: x=106.0, y=50.9, v=-0.3
[DEBUG] 障碍物数量: 1, 位置: [[-2.00016308e+01 -6.47030106e+01 -3.13117463e+00  0.00000000e+00
  -2.99983720e+00 -3.12537877e-02  0.00000000e+00]]
[DYNAMIC solver_add_soft_obs] n_obs=1, shape=(1, 7)
[DYNAMIC solver_add_soft_obs] dynamic obstacle potential added
[DEBUG solve_MPC返回] len(state)=4, type=<class 'tuple'>
[DEBUG] a_opt: -6.000, delta_opt: -0.065
[DEBUG] 下一状态: x=106.0, y=50.9, v=-0.3
[DEBUG] 障碍物数量: 1, 位置: [[-2.01516228e+01 -6.47045746e+01 -3.13117463e+00  0.00000000e+00
  -2.99983720e+00 -3.12537877e-02  0.00000000e+00]]
[DYNAMIC solver_add_soft_obs] n_obs=1, shape=(1, 7)
[DYNAMIC solver_add_soft_obs] dynamic obstacle potential added
[DEBUG solve_MPC返回] len(state)=4, type=<class 'tuple'>
[DEBUG] a_opt: -6.000, delta_opt: -0.065
[DEBUG] 下一状态: x=106.0, y=50.9, v=-0.3
[DEBUG] 障碍物数量: 1, 位置: [[-2.03016148e+01 -6.47061386e+01 -3.13117463e+00  0.00000000e+00
  -2.99983720e+00 -3.12537877e-02  0.00000000e+00]]
[DYNAMIC solver_add_soft_obs] n_obs=1, shape=(1, 7)
[DYNAMIC solver_add_soft_obs] dynamic obstacle potential added
[DEBUG solve_MPC返回] len(state)=4, type=<class 'tuple'>
[DEBUG] a_opt: -6.000, delta_opt: -0.065
[DEBUG] 下一状态: x=106.0, y=50.9, v=-0.3
[DEBUG] 障碍物数量: 1, 位置: [[-2.04516068e+01 -6.47076950e+01 -3.13117463e+00  0.00000000e+00
  -2.99983720e+00 -3.12537877e-02  0.00000000e+00]]
[DYNAMIC solver_add_soft_obs] n_obs=1, shape=(1, 7)
[DYNAMIC solver_add_soft_obs] dynamic obstacle potential added
[DEBUG solve_MPC返回] len(state)=4, type=<class 'tuple'>
[DEBUG] a_opt: -6.000, delta_opt: -0.065
[DEBUG] 下一状态: x=106.0, y=50.9, v=-0.3
[DEBUG] 障碍物数量: 1, 位置: [[-2.06015968e+01 -6.47092590e+01 -3.13117463e+00  0.00000000e+00
  -2.99983720e+00 -3.12537877e-02  0.00000000e+00]]
[DYNAMIC solver_add_soft_obs] n_obs=1, shape=(1, 7)
[DYNAMIC solver_add_soft_obs] dynamic obstacle potential added
[DEBUG solve_MPC返回] len(state)=4, type=<class 'tuple'>
[DEBUG] a_opt: -6.000, delta_opt: -0.065
[DEBUG] 下一状态: x=106.0, y=50.9, v=-0.3
[DEBUG] 障碍物数量: 1, 位置: [[-2.07515888e+01 -6.47108231e+01 -3.13117463e+00  0.00000000e+00
  -2.99983720e+00 -3.12537877e-02  0.00000000e+00]]
[DYNAMIC solver_add_soft_obs] n_obs=1, shape=(1, 7)
[DYNAMIC solver_add_soft_obs] dynamic obstacle potential added
[DEBUG solve_MPC返回] len(state)=4, type=<class 'tuple'>
[DEBUG] a_opt: -6.000, delta_opt: -0.065
[DEBUG] 下一状态: x=106.0, y=50.9, v=-0.3
[DEBUG] 障碍物数量: 1, 位置: [[-2.09015808e+01 -6.47123871e+01 -3.13117463e+00  0.00000000e+00
  -2.99983720e+00 -3.12537877e-02  0.00000000e+00]]
[DYNAMIC solver_add_soft_obs] n_obs=1, shape=(1, 7)
[DYNAMIC solver_add_soft_obs] dynamic obstacle potential added
[DEBUG solve_MPC返回] len(state)=4, type=<class 'tuple'>
[DEBUG] a_opt: -6.000, delta_opt: -0.065
[DEBUG] 下一状态: x=106.0, y=50.9, v=-0.3
[DEBUG] 障碍物数量: 1, 位置: [[-2.10515709e+01 -6.47139511e+01 -3.13117463e+00  0.00000000e+00
  -2.99983720e+00 -3.12537877e-02  0.00000000e+00]]
[DYNAMIC solver_add_soft_obs] n_obs=1, shape=(1, 7)
[DYNAMIC solver_add_soft_obs] dynamic obstacle potential added
[DEBUG solve_MPC返回] len(state)=4, type=<class 'tuple'>
[DEBUG] a_opt: -6.000, delta_opt: -0.065
[DEBUG] 下一状态: x=106.0, y=50.9, v=-0.3
[DEBUG] 障碍物数量: 1, 位置: [[-2.12015648e+01 -6.47155075e+01 -3.13117463e+00  0.00000000e+00
  -2.99983724e+00 -3.12499834e-02 -7.60911087e-05]]
[DYNAMIC solver_add_soft_obs] n_obs=1, shape=(1, 7)
[DYNAMIC solver_add_soft_obs] dynamic obstacle potential added
[DEBUG solve_MPC返回] len(state)=4, type=<class 'tuple'>
[DEBUG] a_opt: -6.000, delta_opt: -0.065
[DEBUG] 下一状态: x=106.0, y=50.9, v=-0.3
[DEBUG] 障碍物数量: 1, 位置: [[-2.13515568e+01 -6.47170715e+01 -3.13117836e+00  0.00000000e+00
  -2.99983731e+00 -3.12423747e-02  0.00000000e+00]]
[DYNAMIC solver_add_soft_obs] n_obs=1, shape=(1, 7)
[DYNAMIC solver_add_soft_obs] dynamic obstacle potential added
[DEBUG solve_MPC返回] len(state)=4, type=<class 'tuple'>
[DEBUG] a_opt: -6.000, delta_opt: -0.065
[DEBUG] 下一状态: x=106.0, y=50.9, v=-0.3
[DEBUG] 障碍物数量: 1, 位置: [[-2.15015469e+01 -6.47186356e+01 -3.13117836e+00  0.00000000e+00
  -2.99983731e+00 -3.12423747e-02  0.00000000e+00]]
[DYNAMIC solver_add_soft_obs] n_obs=1, shape=(1, 7)
[DYNAMIC solver_add_soft_obs] dynamic obstacle potential added
[DEBUG solve_MPC返回] len(state)=4, type=<class 'tuple'>
[DEBUG] a_opt: -6.000, delta_opt: -0.065
[DEBUG] 下一状态: x=106.0, y=50.9, v=-0.3
[DEBUG] 障碍物数量: 1, 位置: [[-2.16515408e+01 -6.47201996e+01 -3.13117836e+00  0.00000000e+00
  -2.99983731e+00 -3.12423747e-02  0.00000000e+00]]
[DYNAMIC solver_add_soft_obs] n_obs=1, shape=(1, 7)
[DYNAMIC solver_add_soft_obs] dynamic obstacle potential added
[DEBUG solve_MPC返回] len(state)=4, type=<class 'tuple'>
[DEBUG] a_opt: -6.000, delta_opt: -0.065
[DEBUG] 下一状态: x=106.0, y=50.9, v=-0.3
[DEBUG] 障碍物数量: 1, 位置: [[-2.18015327e+01 -6.47217636e+01 -3.13117836e+00  0.00000000e+00
  -2.99983731e+00 -3.12423747e-02  0.00000000e+00]]
[DYNAMIC solver_add_soft_obs] n_obs=1, shape=(1, 7)
[DYNAMIC solver_add_soft_obs] dynamic obstacle potential added
[DEBUG solve_MPC返回] len(state)=4, type=<class 'tuple'>
[DEBUG] a_opt: -6.000, delta_opt: -0.065
[DEBUG] 下一状态: x=106.0, y=50.9, v=-0.3
[DEBUG] 障碍物数量: 1, 位置: [[-2.19515247e+01 -6.47233200e+01 -3.13117836e+00  0.00000000e+00
  -2.99983731e+00 -3.12423747e-02  0.00000000e+00]]
[DYNAMIC solver_add_soft_obs] n_obs=1, shape=(1, 7)
[DYNAMIC solver_add_soft_obs] dynamic obstacle potential added
[DEBUG solve_MPC返回] len(state)=4, type=<class 'tuple'>
[DEBUG] a_opt: -6.000, delta_opt: -0.065
[DEBUG] 下一状态: x=106.0, y=50.9, v=-0.3
[DEBUG] 障碍物数量: 1, 位置: [[-2.21015148e+01 -6.47248840e+01 -3.13117836e+00  0.00000000e+00
  -2.99983731e+00 -3.12423747e-02  0.00000000e+00]]
[DYNAMIC solver_add_soft_obs] n_obs=1, shape=(1, 7)
[DYNAMIC solver_add_soft_obs] dynamic obstacle potential added
[DEBUG solve_MPC返回] len(state)=4, type=<class 'tuple'>
[DEBUG] a_opt: -6.000, delta_opt: -0.065
[DEBUG] 下一状态: x=106.0, y=50.9, v=-0.3
[DEBUG] 障碍物数量: 1, 位置: [[-2.22515087e+01 -6.47264481e+01 -3.13117836e+00  0.00000000e+00
  -2.99983731e+00 -3.12423747e-02  0.00000000e+00]]
[DYNAMIC solver_add_soft_obs] n_obs=1, shape=(1, 7)
[DYNAMIC solver_add_soft_obs] dynamic obstacle potential added
[DEBUG solve_MPC返回] len(state)=4, type=<class 'tuple'>
[DEBUG] a_opt: -6.000, delta_opt: -0.065
[DEBUG] 下一状态: x=106.0, y=50.9, v=-0.3
[DEBUG] 障碍物数量: 1, 位置: [[-2.24015007e+01 -6.47280121e+01 -3.13117836e+00  0.00000000e+00
  -2.99983731e+00 -3.12423747e-02  0.00000000e+00]]
[DYNAMIC solver_add_soft_obs] n_obs=1, shape=(1, 7)
[DYNAMIC solver_add_soft_obs] dynamic obstacle potential added
[DEBUG solve_MPC返回] len(state)=4, type=<class 'tuple'>
[DEBUG] a_opt: -6.000, delta_opt: -0.065
[DEBUG] 下一状态: x=106.0, y=50.9, v=-0.3
[DEBUG] 障碍物数量: 1, 位置: [[-2.25514908e+01 -6.47295685e+01 -3.13117836e+00  0.00000000e+00
  -2.99983731e+00 -3.12423747e-02  0.00000000e+00]]
[DYNAMIC solver_add_soft_obs] n_obs=1, shape=(1, 7)
[DYNAMIC solver_add_soft_obs] dynamic obstacle potential added
[DEBUG solve_MPC返回] len(state)=4, type=<class 'tuple'>
[DEBUG] a_opt: -6.000, delta_opt: -0.065
[DEBUG] 下一状态: x=106.0, y=50.9, v=-0.3
[DEBUG] 障碍物数量: 1, 位置: [[-2.27014847e+01 -6.47311325e+01 -3.13117836e+00  0.00000000e+00
  -2.99983731e+00 -3.12423747e-02  0.00000000e+00]]
[DYNAMIC solver_add_soft_obs] n_obs=1, shape=(1, 7)
[DYNAMIC solver_add_soft_obs] dynamic obstacle potential added
[DEBUG solve_MPC返回] len(state)=4, type=<class 'tuple'>
[DEBUG] a_opt: -6.000, delta_opt: -0.065
[DEBUG] 下一状态: x=106.0, y=50.9, v=-0.3
[DEBUG] 障碍物数量: 1, 位置: [[-2.28514748e+01 -6.47326965e+01 -3.13117836e+00  0.00000000e+00
  -2.99983731e+00 -3.12423747e-02  0.00000000e+00]]
[DYNAMIC solver_add_soft_obs] n_obs=1, shape=(1, 7)
[DYNAMIC solver_add_soft_obs] dynamic obstacle potential added
[DEBUG solve_MPC返回] len(state)=4, type=<class 'tuple'>
[DEBUG] a_opt: -6.000, delta_opt: -0.065
[DEBUG] 下一状态: x=106.0, y=50.9, v=-0.3
[DEBUG] 障碍物数量: 1, 位置: [[-2.30014668e+01 -6.47342606e+01 -3.13117836e+00  0.00000000e+00
  -2.99983731e+00 -3.12423747e-02  0.00000000e+00]]
[DYNAMIC solver_add_soft_obs] n_obs=1, shape=(1, 7)
[DYNAMIC solver_add_soft_obs] dynamic obstacle potential added
[DEBUG solve_MPC返回] len(state)=4, type=<class 'tuple'>
[DEBUG] a_opt: -6.000, delta_opt: -0.065
[DEBUG] 下一状态: x=106.0, y=50.9, v=-0.3
[DEBUG] 障碍物数量: 1, 位置: [[-2.31514587e+01 -6.47358170e+01 -3.13117836e+00  0.00000000e+00
  -2.99983731e+00 -3.12423747e-02  0.00000000e+00]]
[DYNAMIC solver_add_soft_obs] n_obs=1, shape=(1, 7)
[DYNAMIC solver_add_soft_obs] dynamic obstacle potential added
[DEBUG solve_MPC返回] len(state)=4, type=<class 'tuple'>
[DEBUG] a_opt: -6.000, delta_opt: -0.065
[DEBUG] 下一状态: x=106.0, y=50.9, v=-0.3
[DEBUG] 障碍物数量: 1, 位置: [[-2.33014488e+01 -6.47373810e+01 -3.13117836e+00  0.00000000e+00
  -2.99983731e+00 -3.12423747e-02  0.00000000e+00]]
[DYNAMIC solver_add_soft_obs] n_obs=1, shape=(1, 7)
[DYNAMIC solver_add_soft_obs] dynamic obstacle potential added
[DEBUG solve_MPC返回] len(state)=4, type=<class 'tuple'>
[DEBUG] a_opt: -6.000, delta_opt: -0.065
[DEBUG] 下一状态: x=106.0, y=50.9, v=-0.3
[DEBUG] 障碍物数量: 1, 位置: [[-2.34514427e+01 -6.47389450e+01 -3.13117836e+00  0.00000000e+00
  -2.99983731e+00 -3.12423747e-02  0.00000000e+00]]
[DYNAMIC solver_add_soft_obs] n_obs=1, shape=(1, 7)
[DYNAMIC solver_add_soft_obs] dynamic obstacle potential added
[DEBUG solve_MPC返回] len(state)=4, type=<class 'tuple'>
[DEBUG] a_opt: -6.000, delta_opt: -0.065
[DEBUG] 下一状态: x=106.0, y=50.9, v=-0.3
[DEBUG] 障碍物数量: 1, 位置: [[-2.36014347e+01 -6.47405090e+01 -3.13117836e+00  0.00000000e+00
  -2.99983731e+00 -3.12423747e-02  0.00000000e+00]]
[DYNAMIC solver_add_soft_obs] n_obs=1, shape=(1, 7)
[DYNAMIC solver_add_soft_obs] dynamic obstacle potential added
[DEBUG solve_MPC返回] len(state)=4, type=<class 'tuple'>
[DEBUG] a_opt: -6.000, delta_opt: -0.065
[DEBUG] 下一状态: x=106.0, y=50.9, v=-0.3
[DEBUG] 障碍物数量: 1, 位置: [[-2.37514248e+01 -6.47420654e+01 -3.13117836e+00  0.00000000e+00
  -2.99983731e+00 -3.12423747e-02  0.00000000e+00]]
[DYNAMIC solver_add_soft_obs] n_obs=1, shape=(1, 7)
[DYNAMIC solver_add_soft_obs] dynamic obstacle potential added
[DEBUG solve_MPC返回] len(state)=4, type=<class 'tuple'>
[DEBUG] a_opt: -6.000, delta_opt: -0.065
[DEBUG] 下一状态: x=106.0, y=50.9, v=-0.3
[DEBUG] 障碍物数量: 1, 位置: [[-2.39014187e+01 -6.47436295e+01 -3.13117836e+00  0.00000000e+00
  -2.99983731e+00 -3.12423747e-02  0.00000000e+00]]
[DYNAMIC solver_add_soft_obs] n_obs=1, shape=(1, 7)
[DYNAMIC solver_add_soft_obs] dynamic obstacle potential added
[DEBUG solve_MPC返回] len(state)=4, type=<class 'tuple'>
[DEBUG] a_opt: -6.000, delta_opt: -0.065
[DEBUG] 下一状态: x=106.0, y=50.9, v=-0.3
[DEBUG] 障碍物数量: 1, 位置: [[-2.40514107e+01 -6.47451935e+01 -3.13117836e+00  0.00000000e+00
  -2.99983731e+00 -3.12423747e-02  0.00000000e+00]]
[DYNAMIC solver_add_soft_obs] n_obs=1, shape=(1, 7)
[DYNAMIC solver_add_soft_obs] dynamic obstacle potential added
[DEBUG solve_MPC返回] len(state)=4, type=<class 'tuple'>
[DEBUG] a_opt: -6.000, delta_opt: -0.065
[DEBUG] 下一状态: x=106.0, y=50.9, v=-0.3
[DEBUG] 障碍物数量: 1, 位置: [[-2.42014027e+01 -6.47467575e+01 -3.13117836e+00  0.00000000e+00
  -2.99983731e+00 -3.12423747e-02  0.00000000e+00]]
[DYNAMIC solver_add_soft_obs] n_obs=1, shape=(1, 7)
[DYNAMIC solver_add_soft_obs] dynamic obstacle potential added
[DEBUG solve_MPC返回] len(state)=4, type=<class 'tuple'>
[DEBUG] a_opt: -6.000, delta_opt: -0.065
[DEBUG] 下一状态: x=106.0, y=50.9, v=-0.3
[DEBUG] 障碍物数量: 1, 位置: [[-2.43513927e+01 -6.47483139e+01 -3.13117836e+00  0.00000000e+00
  -2.99983731e+00 -3.12423747e-02  0.00000000e+00]]
[DYNAMIC solver_add_soft_obs] n_obs=1, shape=(1, 7)
[DYNAMIC solver_add_soft_obs] dynamic obstacle potential added
[DEBUG solve_MPC返回] len(state)=4, type=<class 'tuple'>
[DEBUG] a_opt: -6.000, delta_opt: -0.065
[DEBUG] 下一状态: x=106.0, y=50.9, v=-0.3
[DEBUG] 障碍物数量: 1, 位置: [[-2.45013866e+01 -6.47498779e+01 -3.13117836e+00  0.00000000e+00
  -2.99983731e+00 -3.12423747e-02  0.00000000e+00]]
[DYNAMIC solver_add_soft_obs] n_obs=1, shape=(1, 7)
[DYNAMIC solver_add_soft_obs] dynamic obstacle potential added
[DEBUG solve_MPC返回] len(state)=4, type=<class 'tuple'>
[DEBUG] a_opt: -6.000, delta_opt: -0.065
[DEBUG] 下一状态: x=106.0, y=50.9, v=-0.3
[DEBUG] 障碍物数量: 1, 位置: [[-2.46513786e+01 -6.47514420e+01 -3.13117836e+00  0.00000000e+00
  -2.99983731e+00 -3.12423747e-02  0.00000000e+00]]
[DYNAMIC solver_add_soft_obs] n_obs=1, shape=(1, 7)
[DYNAMIC solver_add_soft_obs] dynamic obstacle potential added
[DEBUG solve_MPC返回] len(state)=4, type=<class 'tuple'>
[DEBUG] a_opt: -6.000, delta_opt: -0.065
[DEBUG] 下一状态: x=106.0, y=50.9, v=-0.3
[DEBUG] 障碍物数量: 1, 位置: [[-2.48013687e+01 -6.47530060e+01 -3.13117836e+00  0.00000000e+00
  -2.99983731e+00 -3.12423747e-02  0.00000000e+00]]
[DYNAMIC solver_add_soft_obs] n_obs=1, shape=(1, 7)
[DYNAMIC solver_add_soft_obs] dynamic obstacle potential added
[DEBUG solve_MPC返回] len(state)=4, type=<class 'tuple'>
[DEBUG] a_opt: -6.000, delta_opt: -0.065
[DEBUG] 下一状态: x=106.0, y=50.9, v=-0.3
[DEBUG] 障碍物数量: 1, 位置: [[-2.49513626e+01 -6.47545624e+01 -3.13117836e+00  0.00000000e+00
  -2.99983731e+00 -3.12423747e-02  0.00000000e+00]]
[DYNAMIC solver_add_soft_obs] n_obs=1, shape=(1, 7)
[DYNAMIC solver_add_soft_obs] dynamic obstacle potential added
[DEBUG solve_MPC返回] len(state)=4, type=<class 'tuple'>
[DEBUG] a_opt: -6.000, delta_opt: -0.065
[DEBUG] 下一状态: x=106.0, y=50.9, v=-0.3
[DEBUG] 障碍物数量: 1, 位置: [[-2.51013546e+01 -6.47561264e+01 -3.13117836e+00  0.00000000e+00
  -2.99983731e+00 -3.12423747e-02  0.00000000e+00]]
[DYNAMIC solver_add_soft_obs] n_obs=1, shape=(1, 7)
[DYNAMIC solver_add_soft_obs] dynamic obstacle potential added
[DEBUG solve_MPC返回] len(state)=4, type=<class 'tuple'>
[DEBUG] a_opt: -6.000, delta_opt: -0.065
[DEBUG] 下一状态: x=106.0, y=50.9, v=-0.3
[DEBUG] 障碍物数量: 1, 位置: [[-2.52513447e+01 -6.47576904e+01 -3.13117836e+00  0.00000000e+00
  -2.99983728e+00 -3.12452310e-02  2.85640388e-05]]
[DYNAMIC solver_add_soft_obs] n_obs=1, shape=(1, 7)
[DYNAMIC solver_add_soft_obs] dynamic obstacle potential added
[DEBUG solve_MPC返回] len(state)=4, type=<class 'tuple'>
[DEBUG] a_opt: -6.000, delta_opt: -0.065
[DEBUG] 下一状态: x=106.0, y=50.9, v=-0.3
[DEBUG] 障碍物数量: 1, 位置: [[-2.54013367e+01 -6.47592545e+01 -3.13117836e+00  0.00000000e+00
  -2.99983727e+00 -3.12466591e-02  0.00000000e+00]]
[DYNAMIC solver_add_soft_obs] n_obs=1, shape=(1, 7)
[DYNAMIC solver_add_soft_obs] dynamic obstacle potential added
[DEBUG solve_MPC返回] len(state)=4, type=<class 'tuple'>
[DEBUG] a_opt: -6.000, delta_opt: -0.065
[DEBUG] 下一状态: x=106.0, y=50.9, v=-0.3
[DEBUG] 障碍物数量: 1, 位置: [[-2.55513268e+01 -6.47608109e+01 -3.13117836e+00  0.00000000e+00
  -2.99983727e+00 -3.12466591e-02  0.00000000e+00]]
[DYNAMIC solver_add_soft_obs] n_obs=1, shape=(1, 7)
[DYNAMIC solver_add_soft_obs] dynamic obstacle potential added
[DEBUG solve_MPC返回] len(state)=4, type=<class 'tuple'>
[DEBUG] a_opt: -6.000, delta_opt: -0.065
[DEBUG] 下一状态: x=106.0, y=50.9, v=-0.3
[DEBUG] 障碍物数量: 1, 位置: [[-2.57013206e+01 -6.47623749e+01 -3.13117836e+00  0.00000000e+00
  -2.99983727e+00 -3.12466591e-02  0.00000000e+00]]
[DYNAMIC solver_add_soft_obs] n_obs=1, shape=(1, 7)
[DYNAMIC solver_add_soft_obs] dynamic obstacle potential added
[DEBUG solve_MPC返回] len(state)=4, type=<class 'tuple'>
[DEBUG] a_opt: -6.000, delta_opt: -0.065
[DEBUG] 下一状态: x=106.0, y=50.9, v=-0.3
[DEBUG] 障碍物数量: 1, 位置: [[-2.58513126e+01 -6.47639389e+01 -3.13117836e+00  0.00000000e+00
  -2.99983727e+00 -3.12466591e-02  0.00000000e+00]]
[DYNAMIC solver_add_soft_obs] n_obs=1, shape=(1, 7)
[DYNAMIC solver_add_soft_obs] dynamic obstacle potential added
[DEBUG solve_MPC返回] len(state)=4, type=<class 'tuple'>
[DEBUG] a_opt: -6.000, delta_opt: -0.065
[DEBUG] 下一状态: x=106.0, y=50.9, v=-0.3
[DEBUG] 障碍物数量: 1, 位置: [[-2.60013027e+01 -6.47655029e+01 -3.13117836e+00  0.00000000e+00
  -2.99983727e+00 -3.12466591e-02  0.00000000e+00]]
[DYNAMIC solver_add_soft_obs] n_obs=1, shape=(1, 7)
[DYNAMIC solver_add_soft_obs] dynamic obstacle potential added
[DEBUG solve_MPC返回] len(state)=4, type=<class 'tuple'>
[DEBUG] a_opt: -6.000, delta_opt: -0.065
[DEBUG] 下一状态: x=106.0, y=50.9, v=-0.3
[DEBUG] 障碍物数量: 1, 位置: [[-2.61512966e+01 -6.47670593e+01 -3.13117836e+00  0.00000000e+00
  -2.99983727e+00 -3.12466591e-02  0.00000000e+00]]
[DYNAMIC solver_add_soft_obs] n_obs=1, shape=(1, 7)
[DYNAMIC solver_add_soft_obs] dynamic obstacle potential added
[DEBUG solve_MPC返回] len(state)=4, type=<class 'tuple'>
[DEBUG] a_opt: -6.000, delta_opt: -0.065
[DEBUG] 下一状态: x=106.0, y=50.9, v=-0.3
[DEBUG] 障碍物数量: 1, 位置: [[-2.63012886e+01 -6.47686234e+01 -3.13117836e+00  0.00000000e+00
  -2.99983727e+00 -3.12466591e-02  0.00000000e+00]]
[DYNAMIC solver_add_soft_obs] n_obs=1, shape=(1, 7)
[DYNAMIC solver_add_soft_obs] dynamic obstacle potential added
[DEBUG solve_MPC返回] len(state)=4, type=<class 'tuple'>
[DEBUG] a_opt: -6.000, delta_opt: -0.065
[DEBUG] 下一状态: x=106.0, y=50.9, v=-0.3
[DEBUG] 障碍物数量: 1, 位置: [[-2.64512806e+01 -6.47701874e+01 -3.13117836e+00  0.00000000e+00
  -2.99983727e+00 -3.12466591e-02  0.00000000e+00]]
[DYNAMIC solver_add_soft_obs] n_obs=1, shape=(1, 7)
[DYNAMIC solver_add_soft_obs] dynamic obstacle potential added
[DEBUG solve_MPC返回] len(state)=4, type=<class 'tuple'>
[DEBUG] a_opt: -6.000, delta_opt: -0.065
[DEBUG] 下一状态: x=106.0, y=50.9, v=-0.3
[DEBUG] 障碍物数量: 1, 位置: [[-2.66012707e+01 -6.47717514e+01 -3.13117836e+00  0.00000000e+00
  -2.99983727e+00 -3.12466591e-02  0.00000000e+00]]
[DYNAMIC solver_add_soft_obs] n_obs=1, shape=(1, 7)
[DYNAMIC solver_add_soft_obs] dynamic obstacle potential added
[DEBUG solve_MPC返回] len(state)=4, type=<class 'tuple'>
[DEBUG] a_opt: -6.000, delta_opt: -0.065
[DEBUG] 下一状态: x=106.0, y=50.9, v=-0.3
[DEBUG] 障碍物数量: 1, 位置: [[-2.67512646e+01 -6.47733154e+01 -3.13117836e+00  0.00000000e+00
  -2.99983727e+00 -3.12466591e-02  0.00000000e+00]]
[DYNAMIC solver_add_soft_obs] n_obs=1, shape=(1, 7)
[DYNAMIC solver_add_soft_obs] dynamic obstacle potential added
[DEBUG solve_MPC返回] len(state)=4, type=<class 'tuple'>
[DEBUG] a_opt: -6.000, delta_opt: -0.065
[DEBUG] 下一状态: x=106.0, y=50.9, v=-0.3
[DEBUG] 障碍物数量: 1, 位置: [[-2.69012566e+01 -6.47748718e+01 -3.13117836e+00  0.00000000e+00
  -2.99983727e+00 -3.12466591e-02  0.00000000e+00]]
[DYNAMIC solver_add_soft_obs] n_obs=1, shape=(1, 7)
[DYNAMIC solver_add_soft_obs] dynamic obstacle potential added
[DEBUG solve_MPC返回] len(state)=4, type=<class 'tuple'>
[DEBUG] a_opt: -6.000, delta_opt: -0.065
[DEBUG] 下一状态: x=106.0, y=50.9, v=-0.3
[DEBUG] 障碍物数量: 1, 位置: [[-2.70512466e+01 -6.47764359e+01 -3.13117836e+00  0.00000000e+00
  -2.99983727e+00 -3.12466591e-02  0.00000000e+00]]
[DYNAMIC solver_add_soft_obs] n_obs=1, shape=(1, 7)
[DYNAMIC solver_add_soft_obs] dynamic obstacle potential added
[DEBUG solve_MPC返回] len(state)=4, type=<class 'tuple'>
[DEBUG] a_opt: -6.000, delta_opt: -0.065
[DEBUG] 下一状态: x=106.0, y=50.9, v=-0.3
[DEBUG] 障碍物数量: 1, 位置: [[-2.72012405e+01 -6.47779999e+01 -3.13117836e+00  0.00000000e+00
  -2.99983727e+00 -3.12466591e-02  0.00000000e+00]]
[DYNAMIC solver_add_soft_obs] n_obs=1, shape=(1, 7)
[DYNAMIC solver_add_soft_obs] dynamic obstacle potential added
[DEBUG solve_MPC返回] len(state)=4, type=<class 'tuple'>
[DEBUG] a_opt: -6.000, delta_opt: -0.065
[DEBUG] 下一状态: x=106.0, y=50.9, v=-0.3
[DEBUG] 障碍物数量: 1, 位置: [[-2.73512325e+01 -6.47795639e+01 -3.13117836e+00  0.00000000e+00
  -2.99983727e+00 -3.12466591e-02  0.00000000e+00]]
[DYNAMIC solver_add_soft_obs] n_obs=1, shape=(1, 7)
[DYNAMIC solver_add_soft_obs] dynamic obstacle potential added
[DEBUG solve_MPC返回] len(state)=4, type=<class 'tuple'>
[DEBUG] a_opt: -6.000, delta_opt: -0.065
[DEBUG] 下一状态: x=106.0, y=50.9, v=-0.3
[DEBUG] 障碍物数量: 1, 位置: [[-2.75012226e+01 -6.47811203e+01 -3.13117836e+00  0.00000000e+00
  -2.99983727e+00 -3.12466591e-02  0.00000000e+00]]
[DYNAMIC solver_add_soft_obs] n_obs=1, shape=(1, 7)
[DYNAMIC solver_add_soft_obs] dynamic obstacle potential added
[DEBUG solve_MPC返回] len(state)=4, type=<class 'tuple'>
[DEBUG] a_opt: -6.000, delta_opt: -0.065
[DEBUG] 下一状态: x=106.0, y=50.9, v=-0.3
[DEBUG] 障碍物数量: 1, 位置: [[-2.76512146e+01 -6.47826843e+01 -3.13117836e+00  0.00000000e+00
  -2.99983728e+00 -3.12452732e-02 -3.71225502e-05]]
[DYNAMIC solver_add_soft_obs] n_obs=1, shape=(1, 7)
[DYNAMIC solver_add_soft_obs] dynamic obstacle potential added
[DEBUG solve_MPC返回] len(state)=4, type=<class 'tuple'>
[DEBUG] a_opt: -6.000, delta_opt: -0.065
[DEBUG] 下一状态: x=106.0, y=50.9, v=-0.3
[DEBUG] 障碍物数量: 1, 位置: [[-2.78012047e+01 -6.47842484e+01 -3.13117836e+00  0.00000000e+00
  -2.99983733e+00 -3.12410910e-02  0.00000000e+00]]
[DYNAMIC solver_add_soft_obs] n_obs=1, shape=(1, 7)
[DYNAMIC solver_add_soft_obs] dynamic obstacle potential added
[DEBUG solve_MPC返回] len(state)=4, type=<class 'tuple'>
[DEBUG] a_opt: -6.000, delta_opt: -0.065
[DEBUG] 下一状态: x=106.0, y=50.9, v=-0.3
[DEBUG] 障碍物数量: 1, 位置: [[-2.79511986e+01 -6.47858124e+01 -3.13117836e+00  0.00000000e+00
  -2.99983733e+00 -3.12410910e-02  0.00000000e+00]]
[DYNAMIC solver_add_soft_obs] n_obs=1, shape=(1, 7)
[DYNAMIC solver_add_soft_obs] dynamic obstacle potential added
[DEBUG solve_MPC返回] len(state)=4, type=<class 'tuple'>
[DEBUG] a_opt: -6.000, delta_opt: -0.065
[DEBUG] 下一状态: x=106.0, y=50.9, v=-0.3
[DEBUG] 障碍物数量: 1, 位置: [[-2.81011906e+01 -6.47873688e+01 -3.13117836e+00  0.00000000e+00
  -2.99983733e+00 -3.12410910e-02  0.00000000e+00]]
[DYNAMIC solver_add_soft_obs] n_obs=1, shape=(1, 7)
[DYNAMIC solver_add_soft_obs] dynamic obstacle potential added
[DEBUG solve_MPC返回] len(state)=4, type=<class 'tuple'>
[DEBUG] a_opt: -6.000, delta_opt: -0.065
[DEBUG] 下一状态: x=106.0, y=50.9, v=-0.3
[DEBUG] 障碍物数量: 1, 位置: [[-2.82511806e+01 -6.47889328e+01 -3.13117836e+00  0.00000000e+00
  -2.99983733e+00 -3.12410910e-02  0.00000000e+00]]
[DYNAMIC solver_add_soft_obs] n_obs=1, shape=(1, 7)
[DYNAMIC solver_add_soft_obs] dynamic obstacle potential added
[DEBUG solve_MPC返回] len(state)=4, type=<class 'tuple'>
[DEBUG] a_opt: -6.000, delta_opt: -0.065
[DEBUG] 下一状态: x=106.0, y=50.9, v=-0.3
[DEBUG] 障碍物数量: 1, 位置: [[-2.84011745e+01 -6.47904968e+01 -3.13117836e+00  0.00000000e+00
  -2.99983733e+00 -3.12410910e-02  0.00000000e+00]]
[DYNAMIC solver_add_soft_obs] n_obs=1, shape=(1, 7)
[DYNAMIC solver_add_soft_obs] dynamic obstacle potential added
[DEBUG solve_MPC返回] len(state)=4, type=<class 'tuple'>
[DEBUG] a_opt: -6.000, delta_opt: -0.065
[DEBUG] 下一状态: x=106.0, y=50.9, v=-0.3
[DEBUG] 障碍物数量: 1, 位置: [[-2.85511665e+01 -6.47920609e+01 -3.13117836e+00  0.00000000e+00
  -2.99983733e+00 -3.12410910e-02  0.00000000e+00]]
[DYNAMIC solver_add_soft_obs] n_obs=1, shape=(1, 7)
[DYNAMIC solver_add_soft_obs] dynamic obstacle potential added
[DEBUG solve_MPC返回] len(state)=4, type=<class 'tuple'>
[DEBUG] a_opt: -6.000, delta_opt: -0.065
[DEBUG] 下一状态: x=106.0, y=50.9, v=-0.3
[DEBUG] 障碍物数量: 1, 位置: [[-2.87011585e+01 -6.47936172e+01 -3.13117836e+00  0.00000000e+00
  -2.99983733e+00 -3.12410910e-02  0.00000000e+00]]
[DYNAMIC solver_add_soft_obs] n_obs=1, shape=(1, 7)
[DYNAMIC solver_add_soft_obs] dynamic obstacle potential added
[DEBUG solve_MPC返回] len(state)=4, type=<class 'tuple'>
[DEBUG] a_opt: -6.000, delta_opt: -0.065
[DEBUG] 下一状态: x=106.0, y=50.9, v=-0.3
[DEBUG] 障碍物数量: 1, 位置: [[-2.88511486e+01 -6.47951813e+01 -3.13117836e+00  0.00000000e+00
  -2.99983733e+00 -3.12410910e-02  0.00000000e+00]]
[DYNAMIC solver_add_soft_obs] n_obs=1, shape=(1, 7)
[DYNAMIC solver_add_soft_obs] dynamic obstacle potential added
[DEBUG solve_MPC返回] len(state)=4, type=<class 'tuple'>
[DEBUG] a_opt: -6.000, delta_opt: -0.065
[DEBUG] 下一状态: x=106.0, y=50.9, v=-0.3
[DEBUG] 障碍物数量: 1, 位置: [[-2.90011425e+01 -6.47967453e+01 -3.13117836e+00  0.00000000e+00
  -2.99983733e+00 -3.12410910e-02  0.00000000e+00]]
[DYNAMIC solver_add_soft_obs] n_obs=1, shape=(1, 7)
[DYNAMIC solver_add_soft_obs] dynamic obstacle potential added
[DEBUG solve_MPC返回] len(state)=4, type=<class 'tuple'>
[DEBUG] a_opt: -6.000, delta_opt: -0.065
[DEBUG] 下一状态: x=106.0, y=50.9, v=-0.3
[DEBUG] 障碍物数量: 1, 位置: [[-2.91511345e+01 -6.47983093e+01 -3.13117836e+00  0.00000000e+00
  -2.99983733e+00 -3.12410910e-02  0.00000000e+00]]
[DYNAMIC solver_add_soft_obs] n_obs=1, shape=(1, 7)
[DYNAMIC solver_add_soft_obs] dynamic obstacle potential added
[DEBUG solve_MPC返回] len(state)=4, type=<class 'tuple'>
[DEBUG] a_opt: -6.000, delta_opt: -0.065
[DEBUG] 下一状态: x=106.0, y=50.9, v=-0.3
[DEBUG] 障碍物数量: 1, 位置: [[-2.93011246e+01 -6.47998581e+01 -3.13117836e+00  0.00000000e+00
  -2.99983733e+00 -3.12410910e-02  0.00000000e+00]]
[DYNAMIC solver_add_soft_obs] n_obs=1, shape=(1, 7)
[DYNAMIC solver_add_soft_obs] dynamic obstacle potential added
[DEBUG solve_MPC返回] len(state)=4, type=<class 'tuple'>
[DEBUG] a_opt: -6.000, delta_opt: -0.065
[DEBUG] 下一状态: x=106.0, y=50.9, v=-0.3
[DEBUG] 障碍物数量: 1, 位置: [[-2.94511166e+01 -6.48014297e+01 -3.13117836e+00  0.00000000e+00
  -2.99983733e+00 -3.12410910e-02  0.00000000e+00]]
[DYNAMIC solver_add_soft_obs] n_obs=1, shape=(1, 7)
[DYNAMIC solver_add_soft_obs] dynamic obstacle potential added
[DEBUG solve_MPC返回] len(state)=4, type=<class 'tuple'>
[DEBUG] a_opt: -6.000, delta_opt: -0.065
[DEBUG] 下一状态: x=106.0, y=50.9, v=-0.3
[DEBUG] 障碍物数量: 1, 位置: [[-2.96011105e+01 -6.48029938e+01 -3.13117836e+00  0.00000000e+00
  -2.99983733e+00 -3.12410910e-02  0.00000000e+00]]
[DYNAMIC solver_add_soft_obs] n_obs=1, shape=(1, 7)
[DYNAMIC solver_add_soft_obs] dynamic obstacle potential added
[DEBUG solve_MPC返回] len(state)=4, type=<class 'tuple'>
[DEBUG] a_opt: -6.000, delta_opt: -0.065
[DEBUG] 下一状态: x=106.0, y=50.9, v=-0.3
